1728278323.442997 client started (18619): version 3.5a, socket /private/tmp/tmux-501/default, protocol 8
1728278323.443045 on Darwin 23.6.0 Darwin Kernel Version 23.6.0: Mon Jul 29 21:16:46 PDT 2024; root:xnu-10063.141.2~1/RELEASE_ARM64_T8112
1728278323.443056 using libevent 2.1.12-stable select
1728278323.443084 using utf8proc 2.9.0
1728278323.443094 using ncurses 6.5 20240427
1728278323.443114 flags are 0x10010000
1728278323.443119 socket is /private/tmp/tmux-501/default
1728278323.443129 trying connect
1728278323.443189 add peer 0x130008000: 6 (0x0)
1728278323.445124 sending message 111 to peer 0x130008000 (8 bytes)
1728278323.445134 sending message 111 to peer 0x130008000 (8 bytes)
1728278323.445139 sending message 101 to peer 0x130008000 (15 bytes)
1728278323.445144 sending message 109 to peer 0x130008000 (4 bytes)
1728278323.445149 sending message 102 to peer 0x130008000 (13 bytes)
1728278323.445154 sending message 108 to peer 0x130008000 (30 bytes)
1728278323.445159 sending message 112 to peer 0x130008000 (58 bytes)
1728278323.445164 sending message 112 to peer 0x130008000 (5 bytes)
1728278323.445169 sending message 112 to peer 0x130008000 (5 bytes)
1728278323.445173 sending message 112 to peer 0x130008000 (6 bytes)
1728278323.445178 sending message 112 to peer 0x130008000 (6 bytes)
1728278323.445183 sending message 112 to peer 0x130008000 (11 bytes)
1728278323.445187 sending message 112 to peer 0x130008000 (10 bytes)
1728278323.445192 sending message 112 to peer 0x130008000 (13 bytes)
1728278323.445197 sending message 112 to peer 0x130008000 (14 bytes)
1728278323.445201 sending message 112 to peer 0x130008000 (19 bytes)
1728278323.445206 sending message 112 to peer 0x130008000 (11 bytes)
1728278323.445211 sending message 112 to peer 0x130008000 (10 bytes)
1728278323.445215 sending message 112 to peer 0x130008000 (15 bytes)
1728278323.445220 sending message 112 to peer 0x130008000 (21 bytes)
1728278323.445225 sending message 112 to peer 0x130008000 (13 bytes)
1728278323.445229 sending message 112 to peer 0x130008000 (7 bytes)
1728278323.445234 sending message 112 to peer 0x130008000 (13 bytes)
1728278323.445239 sending message 112 to peer 0x130008000 (7 bytes)
1728278323.445243 sending message 112 to peer 0x130008000 (13 bytes)
1728278323.445248 sending message 112 to peer 0x130008000 (9 bytes)
1728278323.445253 sending message 112 to peer 0x130008000 (21 bytes)
1728278323.445257 sending message 112 to peer 0x130008000 (13 bytes)
1728278323.445262 sending message 112 to peer 0x130008000 (9 bytes)
1728278323.445266 sending message 112 to peer 0x130008000 (16 bytes)
1728278323.445271 sending message 112 to peer 0x130008000 (13 bytes)
1728278323.445276 sending message 112 to peer 0x130008000 (9 bytes)
1728278323.445280 sending message 112 to peer 0x130008000 (9 bytes)
1728278323.445285 sending message 112 to peer 0x130008000 (12 bytes)
1728278323.445290 sending message 112 to peer 0x130008000 (8 bytes)
1728278323.445294 sending message 112 to peer 0x130008000 (8 bytes)
1728278323.445299 sending message 112 to peer 0x130008000 (13 bytes)
1728278323.445303 sending message 112 to peer 0x130008000 (7 bytes)
1728278323.445308 sending message 112 to peer 0x130008000 (7 bytes)
1728278323.445312 sending message 112 to peer 0x130008000 (9 bytes)
1728278323.445317 sending message 112 to peer 0x130008000 (9 bytes)
1728278323.445322 sending message 112 to peer 0x130008000 (15 bytes)
1728278323.445326 sending message 112 to peer 0x130008000 (13 bytes)
1728278323.445331 sending message 112 to peer 0x130008000 (12 bytes)
1728278323.445335 sending message 112 to peer 0x130008000 (8 bytes)
1728278323.445340 sending message 112 to peer 0x130008000 (14 bytes)
1728278323.445345 sending message 112 to peer 0x130008000 (11 bytes)
1728278323.445349 sending message 112 to peer 0x130008000 (9 bytes)
1728278323.445354 sending message 112 to peer 0x130008000 (10 bytes)
1728278323.445358 sending message 112 to peer 0x130008000 (10 bytes)
1728278323.445363 sending message 112 to peer 0x130008000 (10 bytes)
1728278323.445367 sending message 112 to peer 0x130008000 (10 bytes)
1728278323.445391 sending message 112 to peer 0x130008000 (11 bytes)
1728278323.445395 sending message 112 to peer 0x130008000 (12 bytes)
1728278323.445398 sending message 112 to peer 0x130008000 (12 bytes)
1728278323.445401 sending message 112 to peer 0x130008000 (12 bytes)
1728278323.445404 sending message 112 to peer 0x130008000 (12 bytes)
1728278323.445407 sending message 112 to peer 0x130008000 (12 bytes)
1728278323.445410 sending message 112 to peer 0x130008000 (11 bytes)
1728278323.445413 sending message 112 to peer 0x130008000 (11 bytes)
1728278323.445416 sending message 112 to peer 0x130008000 (12 bytes)
1728278323.445420 sending message 112 to peer 0x130008000 (12 bytes)
1728278323.445423 sending message 112 to peer 0x130008000 (12 bytes)
1728278323.445426 sending message 112 to peer 0x130008000 (12 bytes)
1728278323.445429 sending message 112 to peer 0x130008000 (12 bytes)
1728278323.445432 sending message 112 to peer 0x130008000 (9 bytes)
1728278323.445435 sending message 112 to peer 0x130008000 (12 bytes)
1728278323.445438 sending message 112 to peer 0x130008000 (13 bytes)
1728278323.445441 sending message 112 to peer 0x130008000 (13 bytes)
1728278323.445444 sending message 112 to peer 0x130008000 (13 bytes)
1728278323.445447 sending message 112 to peer 0x130008000 (13 bytes)
1728278323.445451 sending message 112 to peer 0x130008000 (13 bytes)
1728278323.445454 sending message 112 to peer 0x130008000 (8 bytes)
1728278323.445457 sending message 112 to peer 0x130008000 (11 bytes)
1728278323.445460 sending message 112 to peer 0x130008000 (11 bytes)
1728278323.445463 sending message 112 to peer 0x130008000 (11 bytes)
1728278323.445466 sending message 112 to peer 0x130008000 (12 bytes)
1728278323.445469 sending message 112 to peer 0x130008000 (12 bytes)
1728278323.445472 sending message 112 to peer 0x130008000 (12 bytes)
1728278323.445475 sending message 112 to peer 0x130008000 (12 bytes)
1728278323.445478 sending message 112 to peer 0x130008000 (13 bytes)
1728278323.445481 sending message 112 to peer 0x130008000 (13 bytes)
1728278323.445485 sending message 112 to peer 0x130008000 (13 bytes)
1728278323.445488 sending message 112 to peer 0x130008000 (8 bytes)
1728278323.445491 sending message 112 to peer 0x130008000 (13 bytes)
1728278323.445494 sending message 112 to peer 0x130008000 (13 bytes)
1728278323.445497 sending message 112 to peer 0x130008000 (13 bytes)
1728278323.445500 sending message 112 to peer 0x130008000 (13 bytes)
1728278323.445503 sending message 112 to peer 0x130008000 (13 bytes)
1728278323.445506 sending message 112 to peer 0x130008000 (12 bytes)
1728278323.445509 sending message 112 to peer 0x130008000 (12 bytes)
1728278323.445512 sending message 112 to peer 0x130008000 (12 bytes)
1728278323.445515 sending message 112 to peer 0x130008000 (12 bytes)
1728278323.445518 sending message 112 to peer 0x130008000 (13 bytes)
1728278323.445521 sending message 112 to peer 0x130008000 (8 bytes)
1728278323.445525 sending message 112 to peer 0x130008000 (13 bytes)
1728278323.445528 sending message 112 to peer 0x130008000 (13 bytes)
1728278323.445531 sending message 112 to peer 0x130008000 (13 bytes)
1728278323.445534 sending message 112 to peer 0x130008000 (13 bytes)
1728278323.445537 sending message 112 to peer 0x130008000 (13 bytes)
1728278323.445540 sending message 112 to peer 0x130008000 (13 bytes)
1728278323.445543 sending message 112 to peer 0x130008000 (13 bytes)
1728278323.445546 sending message 112 to peer 0x130008000 (12 bytes)
1728278323.445549 sending message 112 to peer 0x130008000 (12 bytes)
1728278323.445552 sending message 112 to peer 0x130008000 (12 bytes)
1728278323.445555 sending message 112 to peer 0x130008000 (8 bytes)
1728278323.445558 sending message 112 to peer 0x130008000 (12 bytes)
1728278323.445561 sending message 112 to peer 0x130008000 (13 bytes)
1728278323.445564 sending message 112 to peer 0x130008000 (13 bytes)
1728278323.445568 sending message 112 to peer 0x130008000 (13 bytes)
1728278323.445571 sending message 112 to peer 0x130008000 (13 bytes)
1728278323.445574 sending message 112 to peer 0x130008000 (13 bytes)
1728278323.445583 sending message 112 to peer 0x130008000 (13 bytes)
1728278323.445586 sending message 112 to peer 0x130008000 (13 bytes)
1728278323.445590 sending message 112 to peer 0x130008000 (13 bytes)
1728278323.445593 sending message 112 to peer 0x130008000 (12 bytes)
1728278323.445596 sending message 112 to peer 0x130008000 (10 bytes)
1728278323.445599 sending message 112 to peer 0x130008000 (12 bytes)
1728278323.445602 sending message 112 to peer 0x130008000 (12 bytes)
1728278323.445605 sending message 112 to peer 0x130008000 (12 bytes)
1728278323.445608 sending message 112 to peer 0x130008000 (13 bytes)
1728278323.445611 sending message 112 to peer 0x130008000 (13 bytes)
1728278323.445614 sending message 112 to peer 0x130008000 (13 bytes)
1728278323.445617 sending message 112 to peer 0x130008000 (13 bytes)
1728278323.445620 sending message 112 to peer 0x130008000 (13 bytes)
1728278323.445623 sending message 112 to peer 0x130008000 (13 bytes)
1728278323.445626 sending message 112 to peer 0x130008000 (13 bytes)
1728278323.445630 sending message 112 to peer 0x130008000 (10 bytes)
1728278323.445633 sending message 112 to peer 0x130008000 (13 bytes)
1728278323.445636 sending message 112 to peer 0x130008000 (12 bytes)
1728278323.445639 sending message 112 to peer 0x130008000 (12 bytes)
1728278323.445642 sending message 112 to peer 0x130008000 (12 bytes)
1728278323.445645 sending message 112 to peer 0x130008000 (10 bytes)
1728278323.445648 sending message 112 to peer 0x130008000 (10 bytes)
1728278323.445651 sending message 112 to peer 0x130008000 (10 bytes)
1728278323.445654 sending message 112 to peer 0x130008000 (12 bytes)
1728278323.445657 sending message 112 to peer 0x130008000 (13 bytes)
1728278323.445660 sending message 112 to peer 0x130008000 (13 bytes)
1728278323.445663 sending message 112 to peer 0x130008000 (13 bytes)
1728278323.445666 sending message 112 to peer 0x130008000 (13 bytes)
1728278323.445669 sending message 112 to peer 0x130008000 (13 bytes)
1728278323.445672 sending message 112 to peer 0x130008000 (10 bytes)
1728278323.445675 sending message 112 to peer 0x130008000 (11 bytes)
1728278323.445678 sending message 112 to peer 0x130008000 (12 bytes)
1728278323.445681 sending message 112 to peer 0x130008000 (12 bytes)
1728278323.445684 sending message 112 to peer 0x130008000 (12 bytes)
1728278323.445688 sending message 112 to peer 0x130008000 (12 bytes)
1728278323.445691 sending message 112 to peer 0x130008000 (12 bytes)
1728278323.445694 sending message 112 to peer 0x130008000 (11 bytes)
1728278323.445697 sending message 112 to peer 0x130008000 (12 bytes)
1728278323.445700 sending message 112 to peer 0x130008000 (12 bytes)
1728278323.445703 sending message 112 to peer 0x130008000 (13 bytes)
1728278323.445706 sending message 112 to peer 0x130008000 (13 bytes)
1728278323.445709 sending message 112 to peer 0x130008000 (13 bytes)
1728278323.445712 sending message 112 to peer 0x130008000 (13 bytes)
1728278323.445715 sending message 112 to peer 0x130008000 (13 bytes)
1728278323.445718 sending message 112 to peer 0x130008000 (10 bytes)
1728278323.445721 sending message 112 to peer 0x130008000 (9 bytes)
1728278323.445725 sending message 112 to peer 0x130008000 (12 bytes)
1728278323.445728 sending message 112 to peer 0x130008000 (13 bytes)
1728278323.445731 sending message 112 to peer 0x130008000 (13 bytes)
1728278323.445734 sending message 112 to peer 0x130008000 (13 bytes)
1728278323.445737 sending message 112 to peer 0x130008000 (13 bytes)
1728278323.445740 sending message 112 to peer 0x130008000 (13 bytes)
1728278323.445743 sending message 112 to peer 0x130008000 (9 bytes)
1728278323.445746 sending message 112 to peer 0x130008000 (12 bytes)
1728278323.445749 sending message 112 to peer 0x130008000 (13 bytes)
1728278323.445752 sending message 112 to peer 0x130008000 (13 bytes)
1728278323.445755 sending message 112 to peer 0x130008000 (13 bytes)
1728278323.445758 sending message 112 to peer 0x130008000 (13 bytes)
1728278323.445761 sending message 112 to peer 0x130008000 (13 bytes)
1728278323.445770 sending message 112 to peer 0x130008000 (11 bytes)
1728278323.445773 sending message 112 to peer 0x130008000 (12 bytes)
1728278323.445776 sending message 112 to peer 0x130008000 (13 bytes)
1728278323.445779 sending message 112 to peer 0x130008000 (13 bytes)
1728278323.445782 sending message 112 to peer 0x130008000 (13 bytes)
1728278323.445785 sending message 112 to peer 0x130008000 (13 bytes)
1728278323.445788 sending message 112 to peer 0x130008000 (13 bytes)
1728278323.445792 sending message 112 to peer 0x130008000 (11 bytes)
1728278323.445795 sending message 112 to peer 0x130008000 (12 bytes)
1728278323.445798 sending message 112 to peer 0x130008000 (12 bytes)
1728278323.445801 sending message 112 to peer 0x130008000 (12 bytes)
1728278323.445804 sending message 112 to peer 0x130008000 (12 bytes)
1728278323.445807 sending message 112 to peer 0x130008000 (12 bytes)
1728278323.445810 sending message 112 to peer 0x130008000 (21 bytes)
1728278323.445813 sending message 112 to peer 0x130008000 (12 bytes)
1728278323.445816 sending message 112 to peer 0x130008000 (9 bytes)
1728278323.445819 sending message 112 to peer 0x130008000 (6 bytes)
1728278323.445823 sending message 112 to peer 0x130008000 (13 bytes)
1728278323.445830 sending message 112 to peer 0x130008000 (10 bytes)
1728278323.445833 sending message 112 to peer 0x130008000 (24 bytes)
1728278323.445837 sending message 112 to peer 0x130008000 (13 bytes)
1728278323.445840 sending message 112 to peer 0x130008000 (9 bytes)
1728278323.445843 sending message 112 to peer 0x130008000 (70 bytes)
1728278323.445846 sending message 112 to peer 0x130008000 (69 bytes)
1728278323.445849 sending message 112 to peer 0x130008000 (12 bytes)
1728278323.445852 sending message 112 to peer 0x130008000 (10 bytes)
1728278323.445855 sending message 112 to peer 0x130008000 (10 bytes)
1728278323.445858 sending message 112 to peer 0x130008000 (24 bytes)
1728278323.445862 sending message 112 to peer 0x130008000 (13 bytes)
1728278323.445865 sending message 112 to peer 0x130008000 (10 bytes)
1728278323.445868 sending message 112 to peer 0x130008000 (10 bytes)
1728278323.445871 sending message 112 to peer 0x130008000 (10 bytes)
1728278323.445874 sending message 112 to peer 0x130008000 (13 bytes)
1728278323.445877 sending message 112 to peer 0x130008000 (15 bytes)
1728278323.445880 sending message 112 to peer 0x130008000 (5 bytes)
1728278323.445884 sending message 104 to peer 0x130008000 (0 bytes)
1728278323.445887 sending message 110 to peer 0x130008000 (0 bytes)
1728278323.445890 sending message 107 to peer 0x130008000 (4 bytes)
1728278323.445894 sending message 105 to peer 0x130008000 (50 bytes)
1728278323.445897 sending message 105 to peer 0x130008000 (47 bytes)
1728278323.445900 sending message 105 to peer 0x130008000 (13 bytes)
1728278323.445903 sending message 105 to peer 0x130008000 (58 bytes)
1728278323.445906 sending message 105 to peer 0x130008000 (28 bytes)
1728278323.445909 sending message 105 to peer 0x130008000 (28 bytes)
1728278323.445912 sending message 105 to peer 0x130008000 (66 bytes)
1728278323.445915 sending message 105 to peer 0x130008000 (20 bytes)
1728278323.445918 sending message 105 to peer 0x130008000 (22 bytes)
1728278323.445922 sending message 105 to peer 0x130008000 (64 bytes)
1728278323.445925 sending message 105 to peer 0x130008000 (12 bytes)
1728278323.445928 sending message 105 to peer 0x130008000 (29 bytes)
1728278323.445931 sending message 105 to peer 0x130008000 (32 bytes)
1728278323.445934 sending message 105 to peer 0x130008000 (49 bytes)
1728278323.445938 sending message 105 to peer 0x130008000 (56 bytes)
1728278323.445942 sending message 105 to peer 0x130008000 (17 bytes)
1728278323.445945 sending message 105 to peer 0x130008000 (98 bytes)
1728278323.445948 sending message 105 to peer 0x130008000 (21 bytes)
1728278323.445951 sending message 105 to peer 0x130008000 (13 bytes)
1728278323.445954 sending message 105 to peer 0x130008000 (72 bytes)
1728278323.445957 sending message 105 to peer 0x130008000 (15 bytes)
1728278323.445971 sending message 105 to peer 0x130008000 (60 bytes)
1728278323.445974 sending message 105 to peer 0x130008000 (18 bytes)
1728278323.445978 sending message 105 to peer 0x130008000 (17 bytes)
1728278323.445981 sending message 105 to peer 0x130008000 (31 bytes)
1728278323.445984 sending message 105 to peer 0x130008000 (25 bytes)
1728278323.445987 sending message 105 to peer 0x130008000 (25 bytes)
1728278323.445990 sending message 105 to peer 0x130008000 (21 bytes)
1728278323.445993 sending message 105 to peer 0x130008000 (21 bytes)
1728278323.445996 sending message 105 to peer 0x130008000 (28 bytes)
1728278323.445999 sending message 105 to peer 0x130008000 (21 bytes)
1728278323.446002 sending message 105 to peer 0x130008000 (25 bytes)
1728278323.446005 sending message 105 to peer 0x130008000 (17 bytes)
1728278323.446008 sending message 105 to peer 0x130008000 (32 bytes)
1728278323.446012 sending message 105 to peer 0x130008000 (66 bytes)
1728278323.446017 sending message 105 to peer 0x130008000 (12768 bytes)
1728278323.446022 sending message 105 to peer 0x130008000 (193 bytes)
1728278323.446025 sending message 105 to peer 0x130008000 (27 bytes)
1728278323.446028 sending message 105 to peer 0x130008000 (47 bytes)
1728278323.446031 sending message 105 to peer 0x130008000 (29 bytes)
1728278323.446034 sending message 105 to peer 0x130008000 (19 bytes)
1728278323.446037 sending message 105 to peer 0x130008000 (37 bytes)
1728278323.446046 sending message 105 to peer 0x130008000 (11 bytes)
1728278323.446049 sending message 105 to peer 0x130008000 (667 bytes)
1728278323.446053 sending message 105 to peer 0x130008000 (34 bytes)
1728278323.446056 sending message 105 to peer 0x130008000 (15 bytes)
1728278323.446059 sending message 105 to peer 0x130008000 (8 bytes)
1728278323.446062 sending message 105 to peer 0x130008000 (66 bytes)
1728278323.446065 sending message 105 to peer 0x130008000 (20 bytes)
1728278323.446068 sending message 105 to peer 0x130008000 (67 bytes)
1728278323.446071 sending message 105 to peer 0x130008000 (18 bytes)
1728278323.446074 sending message 105 to peer 0x130008000 (26 bytes)
1728278323.446077 sending message 105 to peer 0x130008000 (57 bytes)
1728278323.446080 sending message 105 to peer 0x130008000 (42 bytes)
1728278323.446084 sending message 105 to peer 0x130008000 (13 bytes)
1728278323.446087 sending message 105 to peer 0x130008000 (56 bytes)
1728278323.446090 sending message 105 to peer 0x130008000 (14 bytes)
1728278323.446093 sending message 105 to peer 0x130008000 (12 bytes)
1728278323.446096 sending message 105 to peer 0x130008000 (35 bytes)
1728278323.446099 sending message 105 to peer 0x130008000 (13 bytes)
1728278323.446102 sending message 105 to peer 0x130008000 (40 bytes)
1728278323.446105 sending message 105 to peer 0x130008000 (14 bytes)
1728278323.446108 sending message 105 to peer 0x130008000 (19 bytes)
1728278323.446111 sending message 105 to peer 0x130008000 (42 bytes)
1728278323.446114 sending message 105 to peer 0x130008000 (38 bytes)
1728278323.446117 sending message 105 to peer 0x130008000 (61 bytes)
1728278323.446120 sending message 105 to peer 0x130008000 (109 bytes)
1728278323.446123 sending message 105 to peer 0x130008000 (17 bytes)
1728278323.446127 sending message 105 to peer 0x130008000 (16 bytes)
1728278323.446130 sending message 105 to peer 0x130008000 (55 bytes)
1728278323.446133 sending message 105 to peer 0x130008000 (64 bytes)
1728278323.446136 sending message 105 to peer 0x130008000 (25 bytes)
1728278323.446139 sending message 106 to peer 0x130008000 (0 bytes)
1728278323.446204 sending message 200 to peer 0x130008000 (4 bytes)
1728278323.446209 client loop enter
1728278323.446470 peer 0x130008000 message 303
1728278323.446479 open write file 2 -
1728278323.446487 sending message 305 to peer 0x130008000 (8 bytes)
1728278323.446499 write check file 2
1728278323.446517 peer 0x130008000 message 304
1728278323.446521 write 58 to file 2
1728278323.446525 peer 0x130008000 message 203
1728278323.446529 file 2 58 bytes left
1728278323.446542 write check file 2
1728278323.446552 client loop exit
